C51 COMPILER V9.56.0.0   MINI_PROJECT                                                      10/03/2017 02:47:33 PAGE 1   


C51 COMPILER V9.56.0.0, COMPILATION OF MODULE MINI_PROJECT
OBJECT MODULE PLACED IN .\Objects\mini_project.obj
COMPILER INVOKED BY: C:\Keil_v5\C51\BIN\C51.EXE mini_project.c OPTIMIZE(8,SPEED) BROWSE DEBUG OBJECTEXTEND PRINT(.\Listi
                    -ngs\mini_project.lst) TABS(2) OBJECT(.\Objects\mini_project.obj)

line level    source

   1          /**
   2           SPI HOMEWORK2, LABWORK2 (SAME PROGRAM)
   3           */
   4          
   5          /* @section  INCLUDES */
   6          #include "at89c5131.h"
   7          #include "stdio.h"
   8          #define LCD_data  P2                // LCD Data port
   9          
  10          void SPI_Init();
  11          void LCD_Init();
  12          // void Timer_Init();
  13          void LCD_DataWrite(char dat);
  14          void LCD_CmdWrite(char cmd);
  15          void LCD_StringWrite(char * str, unsigned char len);
  16          void LCD_Ready();
  17          void sdelay(int delay);
  18          void delay_ms(int delay);
  19          char int_to_string(int val);
  20          void init_control();
  21          int set();
  22          void run();
  23          void split_into_characters(int number, char num_of_char, unsigned char* array);
  24          
  25          sfr IE=0xA8;
  26          char temp;
  27          
  28          sbit CS_BAR = P1^4;                 // Chip Select for the ADC
  29          sbit LCD_rs = P0^0;                 // LCD Register Select
  30          sbit LCD_rw = P0^1;                 // LCD Read/Write
  31          sbit LCD_en = P0^2;                 // LCD Enable
  32          sbit LCD_busy = P2^7;               // LCD Busy Flag
  33          sbit ONULL = P1^0;
  34          bit transmit_completed= 0;              // To check if spi data transmit is complete
  35          bit offset_null = 0;                // Check if offset nulling is enabled
  36          bit roundoff = 0;
  37          unsigned int adcVal=0, avgVal=0, initVal=0, adcValue = 0, timerVal=0;
  38          unsigned char serial_data;
  39          unsigned char data_save_high;
  40          unsigned char data_save_low;
  41          unsigned char i=0, samples_counter=0; //, timer_count=30;
  42          unsigned char temperature[3],time[3];
  43          
  44          unsigned int CT, del_T=50;
  45          unsigned int DT=35;
  46          bit start_timer=0;
  47          sbit PIN = P1^0;    // This is to check the mode of the Temperature Controller
  48          sbit RELAY = P3^7;    // This pins drives the delay
  49          sbit LED = P3^6;    // just an LED
  50          
  51          /**
  52          
  53           * FUNCTION_INPUTS:  P1.5(MISO) serial input  
  54           * FUNCTION_OUTPUTS: P1.7(MOSI) serial output
C51 COMPILER V9.56.0.0   MINI_PROJECT                                                      10/03/2017 02:47:33 PAGE 2   

  55           *                   P1.4(SSbar)
  56                               P1.6(SCK)
  57           */
  58          void main(void)
  59          {
  60   1        P3 = 0X00;                      // Make Port 3 output 
  61   1        P2 = 0x00;                      // Make Port 2 output 
  62   1        P1 &= 0xEF;                     // Make P1 Pin4-7 output
  63   1        P0 &= 0xF0;                     // Make Port 0 Pins 0,1,2 output
  64   1        
  65   1        SPI_Init();
  66   1        LCD_Init();
  67   1        // Timer_Init();
  68   1        
  69   1        /* First Line */
  70   1        LCD_CmdWrite(0x81);
  71   1        sdelay(100);
  72   1        LCD_StringWrite("DT", 2);
  73   1      
  74   1        LCD_CmdWrite(0x87);
  75   1        sdelay(100);
  76   1        LCD_StringWrite("CT", 2);
  77   1      
  78   1        LCD_CmdWrite(0x8C);
  79   1        sdelay(100);
  80   1        LCD_StringWrite("Time", 4);
  81   1      
  82   1        /* Control Signals Initialisation */
  83   1        init_control();
  84   1      
  85   1        LED=1;          // Is always kept in set mode
  86   1      
  87   1        while(1){
  88   2          
  89   2          if(PIN==1){  /* PIN is in mode SET */
  90   3            DT=set();
  91   3            // start_timer=1; /* To start the timer on toggle */
  92   3            
  93   3            /* Time is set to zero */
  94   3            timerVal=0;     // Initial time value
  95   3            split_into_characters(timerVal, 3, time);
  96   3      
  97   3            /* displaying time */ 
  98   3            LCD_CmdWrite(0xCC);
  99   3            sdelay(100);
 100   3      
 101   3            for(i=0; i<3; i++){
 102   4              temp = int_to_string(time[i]);
 103   4              LCD_DataWrite(temp);
 104   4            }
 105   3      
 106   3            /* Delay in Sampling */
 107   3            delay_ms(500);
 108   3          }
 109   2          else{ /* PIN is in mode RUN */
 110   3            // if(start_timer==1){
 111   3            //  TR0=1;  // Start timer for the first time mode is toggled from set to run
 112   3            // }
 113   3            run();
 114   3            delay_ms(1000);
 115   3          }
 116   2        }
C51 COMPILER V9.56.0.0   MINI_PROJECT                                                      10/03/2017 02:47:33 PAGE 3   

 117   1      }
 118          
 119          int set(){  /* Reads ADC value from channel 0 */
 120   1        while(1){
 121   2      
 122   2          CS_BAR = 0;                 // enable ADC as slave     
 123   2          SPDAT= 0x01;        // Write start bit to start ADC 
 124   2          while(!transmit_completed); // wait end of transmition; TILL SPIF = 1 i.e. MSB of SPSTA
 125   2          transmit_completed = 0;     // clear software transfert flag 
 126   2          
 127   2          SPDAT= 0x80;        // 80H written to start ADC CH0 single ended sampling,refer ADC datasheet
 128   2          while(!transmit_completed); // wait end of transmition 
 129   2          data_save_high = serial_data & 0x03;  
 130   2          transmit_completed = 0;     // clear software transfer flag 
 131   2              
 132   2          SPDAT= 0x00;                // 
 133   2          while(!transmit_completed); // wait end of transmition 
 134   2          data_save_low = serial_data;
 135   2          transmit_completed = 0;     // clear software transfer flag 
 136   2          CS_BAR = 1;                 // disable ADC as slave
 137   2          
 138   2          adcVal = (data_save_high <<8) + (data_save_low);  // Value at adc
 139   2      
 140   2          /* Starts Sampling */
 141   2          samples_counter++;
 142   2          adcValue+=adcVal;
 143   2          if(samples_counter!=10) continue;
 144   2          else{
 145   3            samples_counter=0;
 146   3            avgVal = adcValue/200;      //Average
 147   3            adcValue=0;
 148   3      
 149   3            if(avgVal < 5){
 150   4              avgVal = 0;
 151   4            }
 152   3            else if(5<avgVal && avgVal<15){
 153   4              avgVal = 20;
 154   4            }
 155   3            else if(15<avgVal && avgVal<25){
 156   4              avgVal = 20;
 157   4            }
 158   3            else if(25<avgVal && avgVal<35){
 159   4              avgVal = 30;
 160   4            }
 161   3            else if(35<avgVal && avgVal<45){
 162   4              avgVal = 40;
 163   4            }
 164   3            else{
 165   4              avgVal = 50;
 166   4            }
 167   3            avgVal+=35; // Final Temperature Value
 168   3      
 169   3      
 170   3            /* Splits the value into character array for Tx */
 171   3            split_into_characters(avgVal, 3, &temperature);
 172   3      
 173   3            /* Writes on the second line below DT */
 174   3            LCD_CmdWrite(0xC0);
 175   3            sdelay(100);
 176   3      
 177   3            for(i=0; i<3; i++){
 178   4              temp = int_to_string(temperature[i]);
C51 COMPILER V9.56.0.0   MINI_PROJECT                                                      10/03/2017 02:47:33 PAGE 4   

 179   4              LCD_DataWrite(temp);
 180   4            }
 181   3          }
 182   2      
 183   2          PIN=1;        // Ensure that PIN is set as an input pin
 184   2          return avgVal;
 185   2        }     
 186   1      }
 187          
 188          void run(){ /* Reads from Channel 1 */
 189   1      
 190   1        while(1){
 191   2      
 192   2          CS_BAR = 0;                 // enable ADC as slave     
 193   2          SPDAT= 0x01;        // Write start bit to start ADC 
 194   2          while(!transmit_completed); // wait end of transmition; TILL SPIF = 1 i.e. MSB of SPSTA
 195   2          transmit_completed = 0;     // clear software transfert flag 
 196   2          
 197   2          SPDAT= 0x90;        // 80H written to start ADC CH0 single ended sampling,refer ADC datasheet
 198   2          while(!transmit_completed); // wait end of transmition 
 199   2          data_save_high = serial_data & 0x03;  
 200   2          transmit_completed = 0;     // clear software transfer flag 
 201   2              
 202   2          SPDAT= 0x00;                // 
 203   2          while(!transmit_completed); // wait end of transmition 
 204   2          data_save_low = serial_data;
 205   2          transmit_completed = 0;     // clear software transfer flag 
 206   2          CS_BAR = 1;                 // disable ADC as slave
 207   2          
 208   2          adcVal = (data_save_high <<8) + (data_save_low);  // Value at adc
 209   2      
 210   2          /* Starts Sampling */
 211   2          samples_counter++;
 212   2          adcValue+=adcVal;
 213   2          if(samples_counter!=10) continue;
 214   2          else{
 215   3            samples_counter=0;
 216   3            avgVal = adcValue/20;     //Average
 217   3            adcValue=0;
 218   3      
 219   3            split_into_characters(avgVal, 3, temperature);
 220   3      
 221   3            /* Writes on the second line below CT */
 222   3            LCD_CmdWrite(0xC6);
 223   3            sdelay(100);
 224   3      
 225   3            /* Displays the current Tempearture */
 226   3            for(i=0; i<3; i++){
 227   4              temp = int_to_string(temperature[i]);
 228   4              LCD_DataWrite(temp);
 229   4            }
 230   3          }
 231   2      
 232   2          CT=avgVal;
 233   2      
 234   2          // if( TR0 && (DT<avgVal) ){  /* Temperature reaches the DT */
 235   2            // TR0=0;     /* 
 236   2            // start_timer=0; /* Won't allow the timer to run henceforth */
 237   2          // }
 238   2          /* Updating time */
 239   2          if( DT > CT ){  /* Till the temperature reaches DT */
 240   3            timerVal++;
C51 COMPILER V9.56.0.0   MINI_PROJECT                                                      10/03/2017 02:47:33 PAGE 5   

 241   3            split_into_characters(timerVal, 3, time);
 242   3      
 243   3            LCD_CmdWrite(0xCC);
 244   3            sdelay(100);
 245   3      
 246   3            /* Updates the time */
 247   3            for(i=0; i<3; i++){
 248   4              temp = int_to_string(time[i]);
 249   4              LCD_DataWrite(temp);
 250   4            }
 251   3          }
 252   2      
 253   2      
 254   2          /* Regulate Temperature */
 255   2          if( (DT+del_T) < CT ){
 256   3            RELAY=0;
 257   3          }
 258   2          else if( (DT-del_T) > CT ){
 259   3            RELAY=1;
 260   3          }
 261   2      
 262   2          PIN=1;        // Ensure that PIN is set as an input pin
 263   2          break;
 264   2        }
 265   1      }
 266          
 267          void split_into_characters(unsigned int number, char num_of_char, unsigned char* array){
*** WARNING C235 IN LINE 267 OF mini_project.c: parameter 1: different types
 268   1        for ( i=num_of_char-1; i>=0; i--)
 269   1        {
 270   2          /* code */
 271   2          array[i]=number%10;
 272   2          number/=10;
 273   2        }
 274   1      }
 275          
 276          void init_control(){
 277   1        /* Switching off the power supply */
 278   1        RELAY=0;
 279   1      
 280   1        /* Setting P1^0 as input */
 281   1        PIN=1;
 282   1      }
 283          
 284          // void Timer_Init()
 285          // {
 286          //  // Set Timer0 to work in up counting 16 bit mode. Counts upto 
 287          //  // 65536 depending upon the calues of TH0 and TL0
 288          //  // The timer counts 65536 processor cycles. A processor cycle is 
 289          //  // 12 clocks. FOr 24 MHz, it takes 65536/2 uS to overflow
 290              
 291          //  TH0 = 0x00;             //Initialize TH0
 292          //  TL0 = 0x00;             //Initialize TL0
 293          //  TMOD = 0x01;            //Configure TMOD 
 294          //  // IE |= 0x82;            //Set ET0
 295          //  TR0 = 0;              //Set TR0
 296          //  // timer_count = 30;
 297          // }
 298          
 299          // void timer0_ISR (void) interrupt 1     
 300          // {
 301          //  //Initialize TH0
C51 COMPILER V9.56.0.0   MINI_PROJECT                                                      10/03/2017 02:47:33 PAGE 6   

 302          //  //Initialize TL0
 303          //  //Increment Overflow 
 304          //  //Write averaging of 10 samples code here
 305          
 306            // if(timer_count==0){              // 100ms passed
 307            //  // One second completed
 308            //  timerVal++;
 309            //  split_into_characters(timerVal, 3, time);
 310            //  timerVal=0;
 311          
 312            //  LCD_CmdWrite(0xCC);
 313            //  sdelay(100);
 314          
 315            //  /* Updates the time */
 316            //  for(i=0; i<3; i++){
 317            //    temp = int_to_string(time[i]);
 318            //    LCD_DataWrite(temp);
 319            //  }
 320          
 321          //    timer_count=30;
 322          //  }
 323          //  else timer_count--;
 324          // }
 325          
 326          /**
 327           * FUNCTION_PURPOSE:interrupt
 328           * FUNCTION_INPUTS: void
 329           * FUNCTION_OUTPUTS: transmit_complete is software transfert flag
 330           */
 331          void it_SPI(void) interrupt 9 /* interrupt address is 0x004B, (Address -3)/8 = interrupt no.*/
 332          {
 333   1        switch  ( SPSTA )         /* read and clear spi status register */
 334   1        {
 335   2          case 0x80:  
 336   2            serial_data=SPDAT;   /* read receive data */
 337   2                transmit_completed=1;/* set software flag */
 338   2          break;
 339   2      
 340   2          case 0x10:
 341   2               /* put here for mode fault tasking */  
 342   2          break;
 343   2        
 344   2          case 0x40:
 345   2               /* put here for overrun tasking */ 
 346   2          break;
 347   2        }
 348   1      }
 349          
 350          char int_to_string(int val){
 351   1        val += 0x30;
 352   1        return (char)val;
 353   1      }
 354          
 355          /**
 356          
 357           * FUNCTION_INPUTS:  P1.5(MISO) serial input  
 358           * FUNCTION_OUTPUTS: P1.7(MOSI) serial output
 359           *                   P1.4(SSbar)
 360                               P1.6(SCK)
 361           */ 
 362          void SPI_Init()
 363          {
C51 COMPILER V9.56.0.0   MINI_PROJECT                                                      10/03/2017 02:47:33 PAGE 7   

 364   1        CS_BAR = 1;                     // DISABLE ADC SLAVE SELECT-CS 
 365   1        SPCON |= 0x20;                  // P1.1(SSBAR) is available as standard I/O pin 
 366   1        SPCON |= 0x01;                  // Fclk Periph/4 AND Fclk Periph=12MHz ,HENCE SCK IE. BAUD RATE=3000KHz 
 367   1        SPCON |= 0x10;                  // Master mode 
 368   1        SPCON &= ~0x08;                 // CPOL=0; transmit mode example|| SCK is 0 at idle state
 369   1        SPCON |= 0x04;                  // CPHA=1; transmit mode example 
 370   1        IEN1 |= 0x04;                   // enable spi interrupt 
 371   1        EA=1;                           // enable interrupts 
 372   1        SPCON |= 0x40;                  // run spi;ENABLE SPI INTERFACE SPEN= 1 
 373   1      }
 374          
 375          
 376          
 377          /**
 378           * FUNCTION_PURPOSE:LCD Initialization
 379           * FUNCTION_INPUTS: void
 380           * FUNCTION_OUTPUTS: none
 381           */
 382          void LCD_Init()
 383          {
 384   1        sdelay(100);
 385   1        LCD_CmdWrite(0x38);       // LCD 2lines, 5*7 matrix
 386   1        LCD_CmdWrite(0x0C);     // Display ON cursor ON  Blinking off
 387   1        LCD_CmdWrite(0x01);     // Clear the LCD
 388   1        LCD_CmdWrite(0x80);     // Cursor to First line First Position
 389   1      }
 390          
 391          /**
 392           * FUNCTION_PURPOSE: Write Command to LCD
 393           * FUNCTION_INPUTS: cmd- command to be written
 394           * FUNCTION_OUTPUTS: none
 395           */
 396          void LCD_CmdWrite(char cmd)
 397          {
 398   1        LCD_Ready();
 399   1        LCD_data=cmd;           // Send the command to LCD
 400   1        LCD_rs=0;               // Select the Command Register by pulling LCD_rs LOW
 401   1        LCD_rw=0;               // Select the Write Operation  by pulling RW LOW
 402   1        LCD_en=1;               // Send a High-to-Low Pusle at Enable Pin
 403   1        sdelay(5);
 404   1        LCD_en=0;
 405   1        sdelay(5);
 406   1      }
 407          
 408          /**
 409           * FUNCTION_PURPOSE: Write Command to LCD
 410           * FUNCTION_INPUTS: dat- data to be written
 411           * FUNCTION_OUTPUTS: none
 412           */
 413          void LCD_DataWrite( char dat)
 414          {
 415   1        LCD_Ready();
 416   1          LCD_data=dat;           // Send the data to LCD
 417   1          LCD_rs=1;             // Select the Data Register by pulling LCD_rs HIGH
 418   1          LCD_rw=0;               // Select the Write Operation by pulling RW LOW
 419   1          LCD_en=1;             // Send a High-to-Low Pusle at Enable Pin
 420   1          sdelay(5);
 421   1          LCD_en=0;
 422   1        sdelay(5);
 423   1      }
 424          
 425          /**
C51 COMPILER V9.56.0.0   MINI_PROJECT                                                      10/03/2017 02:47:33 PAGE 8   

 426           * FUNCTION_PURPOSE: Write a string on the LCD Screen
 427           * FUNCTION_INPUTS: 1. str - pointer to the string to be written, 
 428                              2. length - length of the array
 429           * FUNCTION_OUTPUTS: none
 430           */
 431          void LCD_StringWrite( char * str, unsigned char length)
 432          {
 433   1          while(length>0)
 434   1          {
 435   2              LCD_DataWrite(*str);
 436   2              str++;
 437   2              length--;
 438   2          }
 439   1      }
 440          
 441          /**
 442           * FUNCTION_PURPOSE: To check if the LCD is ready to communicate
 443           * FUNCTION_INPUTS: void
 444           * FUNCTION_OUTPUTS: none
 445           */
 446          void LCD_Ready()
 447          {
 448   1        LCD_data = 0xFF;
 449   1        LCD_rs = 0;
 450   1        LCD_rw = 1;
 451   1        LCD_en = 0;
 452   1        sdelay(5);
 453   1        LCD_en = 1;
 454   1        while(LCD_busy == 1)
 455   1        {
 456   2          LCD_en = 0;
 457   2          LCD_en = 1;
 458   2        }
 459   1        LCD_en = 0;
 460   1      }
 461          
 462          /**
 463           * FUNCTION_PURPOSE: A delay of 15us for a 24 MHz crystal
 464           * FUNCTION_INPUTS: void
 465           * FUNCTION_OUTPUTS: none
 466           */
 467          void sdelay(int delay)
 468          {
 469   1        char d=0;
 470   1        while(delay>0)
 471   1        {
 472   2          for(d=0;d<5;d++);
 473   2          delay--;
 474   2        }
 475   1      }
 476          
 477          /**
 478           * FUNCTION_PURPOSE: A delay of around 1000us for a 24MHz crystel
 479           * FUNCTION_INPUTS: void
 480           * FUNCTION_OUTPUTS: none
 481           */
 482          void delay_ms(int delay)
 483          {
 484   1        int d=0;
 485   1        while(delay>0)
 486   1        {
 487   2          for(d=0;d<382;d++);
C51 COMPILER V9.56.0.0   MINI_PROJECT                                                      10/03/2017 02:47:33 PAGE 9   

 488   2          delay--;
 489   2        }
 490   1      }


MODULE INFORMATION:   STATIC OVERLAYABLE
   CODE SIZE        =   1050    ----
   CONSTANT SIZE    =     11    ----
   XDATA SIZE       =   ----    ----
   PDATA SIZE       =   ----    ----
   DATA SIZE        =     28      11
   IDATA SIZE       =   ----    ----
   BIT SIZE         =      4    ----
END OF MODULE INFORMATION.


C51 COMPILATION COMPLETE.  1 WARNING(S),  0 ERROR(S)
