A51 MACRO ASSEMBLER  QUESTION5                                                            08/07/2017 00:50:21 PAGE     1


MACRO ASSEMBLER A51 V8.2.5.0
OBJECT MODULE PLACED IN .\Objects\question5.obj
ASSEMBLER INVOKED BY: C:\Keil_v5\C51\BIN\A51.EXE question5.asm SET(SMALL) DEBUG PRINT(.\Listings\question5.lst) OBJECT(.
                      \Objects\question5.obj) EP

LOC  OBJ            LINE     SOURCE

                       1     ; bin2ascii subroutine

0000                   2     org 0h

0000 020100            3     ljmp main

                       4     

0003                   5     write_lower_nibble: ; Lower nibble in 53h and write location in r0

                       6             using 0

0003 C3                7                     clr c

0004 940A              8                     subb A,#0ah

0006 4005              9                     jc digit

0008 2461             10                             add A,#61h

000A F6               11                             mov @r0,A

000B 8005             12                     sjmp comp

000D                  13                     digit:

000D E553             14                             mov A,53h

000F 2430             15                             add A,#30h

0011 F6               16                             mov @r0,A

0012 00               17                     comp: nop

0013 22               18     ret

                      19     

0014                  20     bin2ascii:

0014 AA50             21             mov r2,50h ; N

0016 A951             22             mov r1,51h ; Read pointer

0018 A852             23             mov r0,52h ; Write pointer

                      24             

001A 7BF0             25             mov r3,#0f0h ; Starts the loop by extracting the lower 4-bits

                      26             

001C                  27             loop:

001C E7               28                     mov A,@r1

001D 5B               29                     anl A,r3 ; higher nibble saved , rest all bits to 0

001E 7C04             30                     mov r4,#4

0020                  31                     rot: ; upper nibble is now in the lower half

0020 03               32                             rr A

0021 DCFD             33                     djnz r4, rot

0023 F553             34                     mov 53h,A

0025 1103             35                     acall write_lower_nibble ; 53 is reserved for its argument parameter

0027 08               36                     inc r0

                      37                     

0028 EB               38                     mov A,r3

0029 F4               39                     cpl A

002A 57               40                     anl A,@r1 ; Lower order bits recovered

002B F553             41                     mov 53h,A

002D 1103             42                     acall write_lower_nibble

002F 08               43                     inc r0

0030 09               44                     inc r1

0031 DAE9             45             djnz r2,loop

0033 22               46     ret

                      47     

0100                  48     org 100h

0100                  49     main:

0100 7980             50             mov r1,#80h

0102                  51             random:

0102 E9               52                     mov A,r1

0103 F7               53                     mov @r1,A

0104 09               54                     inc r1

0105 B990FA           55                     cjne r1, #90h, random

0108 755010           56                     mov 50h,#16

010B 755180           57                     mov 51h,#80h

A51 MACRO ASSEMBLER  QUESTION5                                                            08/07/2017 00:50:21 PAGE     2

010E 755290           58                     mov 52h,#90h

0111 1114             59                     acall bin2ascii

0113 80FE             60     stop: sjmp stop

                      61     end

A51 MACRO ASSEMBLER  QUESTION5                                                            08/07/2017 00:50:21 PAGE     3

SYMBOL TABLE LISTING
------ ----- -------


N A M E             T Y P E  V A L U E   ATTRIBUTES

BIN2ASCII. . . . .  C ADDR   0014H   A   
COMP . . . . . . .  C ADDR   0012H   A   
DIGIT. . . . . . .  C ADDR   000DH   A   
LOOP . . . . . . .  C ADDR   001CH   A   
MAIN . . . . . . .  C ADDR   0100H   A   
RANDOM . . . . . .  C ADDR   0102H   A   
ROT. . . . . . . .  C ADDR   0020H   A   
STOP . . . . . . .  C ADDR   0113H   A   
WRITE_LOWER_NIBBLE  C ADDR   0003H   A   


REGISTER BANK(S) USED: 0 


ASSEMBLY COMPLETE.  0 WARNING(S), 0 ERROR(S)
