A51 MACRO ASSEMBLER  QUESTION1                                                            08/15/2017 09:49:54 PAGE     1


MACRO ASSEMBLER A51 V8.2.5.0
OBJECT MODULE PLACED IN .\Objects\question1.obj
ASSEMBLER INVOKED BY: C:\Keil_v5\C51\BIN\A51.EXE question1.asm SET(SMALL) DEBUG PRINT(.\Listings\question1.lst) OBJECT(.
                      \Objects\question1.obj) EP

LOC  OBJ            LINE     SOURCE

                       1     ; LED blink at p1.7

                       2     

0000                   3     org 0h

0000 020100            4     ljmp main

                       5     

0003                   6     delay: 

0003 E54F              7             mov A,4fh ; This is D

0005 75F00A            8             mov B,#10 ; Divides D by 2 and multiplies by 20 to convert into seconds

0008 A4                9             mul AB ; Now A has the total number of times delay must be called

0009 F8               10             mov r0,A ; Total number of iterations over 50ms stored in A

000A                  11             delay1:

000A 7AC8             12                     mov R2,#200

000C                  13                     back1:

000C 79FF             14                             mov R1,#0FFH

000E D9FE             15                             back: djnz R1, back

0010 DAFA             16                     djnz R2, back1

0012 D8F6             17             djnz r0, delay1

0014 22               18     ret

                      19     

0100                  20     org 100h

0100                  21     main:

0100 759000           22             mov p1,#0

0103 754F01           23             mov 4fh,#1 ; Setting D to some value to check it

                      24             

0106 D297             25             setb P1.7

0108                  26             blink:

0108 1103             27                     acall delay

010A B297             28                     cpl P1.7

010C 80FA             29             sjmp blink

                      30     end

A51 MACRO ASSEMBLER  QUESTION1                                                            08/15/2017 09:49:54 PAGE     2

SYMBOL TABLE LISTING
------ ----- -------


N A M E             T Y P E  V A L U E   ATTRIBUTES

B. . . . . . . . .  D ADDR   00F0H   A   
BACK . . . . . . .  C ADDR   000EH   A   
BACK1. . . . . . .  C ADDR   000CH   A   
BLINK. . . . . . .  C ADDR   0108H   A   
DELAY. . . . . . .  C ADDR   0003H   A   
DELAY1 . . . . . .  C ADDR   000AH   A   
MAIN . . . . . . .  C ADDR   0100H   A   
P1 . . . . . . . .  D ADDR   0090H   A   


REGISTER BANK(S) USED: 0 


ASSEMBLY COMPLETE.  0 WARNING(S), 0 ERROR(S)
