A51 MACRO ASSEMBLER  JHAAT_LCD                                                            08/21/2017 00:52:06 PAGE     1


MACRO ASSEMBLER A51 V8.2.5.0
OBJECT MODULE PLACED IN .\Objects\jhaat_lcd.obj
ASSEMBLER INVOKED BY: C:\Keil_v5\C51\BIN\A51.EXE ..\..\..\jhaat_lcd.asm SET(SMALL) DEBUG PRINT(.\Listings\jhaat_lcd.lst)
                       OBJECT(.\Objects\jhaat_lcd.obj) EP

LOC  OBJ            LINE     SOURCE

                       1     ; This subroutine writes characters on the LCD

  00A0                 2     LCD_data equ P2    ;LCD Data port

  0080                 3     LCD_rs   equ P0.0  ;LCD Register Select

  0081                 4     LCD_rw   equ P0.1  ;LCD Read/Write

  0082                 5     LCD_en   equ P0.2  ;LCD Enable

                       6     

0000                   7     ORG 000H

0000 020100            8     ljmp main

                       9     

0100                  10     ORG 100H

0100                  11     main:

                      12     

0100 7890             13             mov r0,#90H

0102 7653             14             mov @r0,#'S'

0104 08               15             inc r0

0105 7668             16             mov @r0,#'h'

0107 08               17             inc r0

0108 7675             18             mov @r0,#'u'

010A 08               19             inc r0

010B 7662             20             mov @r0,#'b'

010D 08               21             inc r0

010E 7668             22             mov @r0,#'h'

0110 08               23             inc r0

0111 7661             24             mov @r0,#'a'

0113 08               25             inc r0

0114 766D             26             mov @r0,#'m'

0116 08               27             inc r0

0117 7620             28             mov @r0,#' '

0119 08               29             inc r0

011A 7644             30             mov @r0,#'D'

011C 08               31             inc r0

011D 7668             32             mov @r0,#'h'

011F 08               33             inc r0

0120 7661             34             mov @r0,#'a'

0122 08               35             inc r0

0123 766E             36             mov @r0,#'n'

0125 08               37             inc r0

0126 7667             38             mov @r0,#'g'

0128 08               39             inc r0

0129 7661             40             mov @r0,#'a'

012B 08               41             inc r0

012C 7672             42             mov @r0,#'r'

012E 08               43             inc r0

012F 7620             44             mov @r0,#' '

                      45             

0131 020200           46             ljmp start

                      47             

0200                  48     org 200h

0200                  49     start:

0200 75A000           50           mov P2,#00h

0203 759000           51               mov P1,#00h

                      52               ;initial delay for lcd power up

                      53     

                      54     ;here1:setb p1.0

0206 519B             55           acall delay

                      56     ;         clr p1.0

0208 519B             57               acall delay

A51 MACRO ASSEMBLER  JHAAT_LCD                                                            08/21/2017 00:52:06 PAGE     2

                      58     ;         sjmp here1

                      59     

                      60     

020A 512B             61               acall lcd_init      ;initialise LCD

                      62             

020C 519B             63               acall delay

020E 519B             64               acall delay

0210 519B             65               acall delay

0212 7483             66               mov   a,#83h           ;Put cursor on first row,3 column

0214 5168             67               acall lcd_command      ;send command to LCD

0216 519B             68               acall delay

0218 900300           69               mov   dptr,#my_string1   ;Load DPTR with sring1 Addr

021B 5188             70               acall lcd_sendstring     ;call text strings sending routine

021D 519B             71               acall delay

                      72     

021F 74C0             73               mov a,#0C0h             ;Put cursor on second row,0 column

0221 5168             74               acall lcd_command

0223 519B             75               acall delay

0225 7990             76               mov   r1,#90H

0227 5192             77               acall lcd_ramaccess

                      78     

0229 80FE             79     here: sjmp here                          

                      80     

                      81     ;------------------------LCD Initialisation routine----------------------------------------
                             ------------

022B                  82     lcd_init:

022B 75A038           83              mov   LCD_data,#38H  ;Function set: 2 Line, 8-bit, 5x7 dots

022E C280             84              clr   LCD_rs         ;Selected command register

0230 C281             85              clr   LCD_rw         ;We are writing in instruction register

0232 D282             86              setb  LCD_en         ;Enable H->L

0234 519B             87                      acall delay

0236 C282             88              clr   LCD_en

0238 519B             89                  acall delay

                      90     

023A 75A00C           91              mov   LCD_data,#0CH  ;Display on, Curson off

023D C280             92              clr   LCD_rs         ;Selected instruction register

023F C281             93              clr   LCD_rw         ;We are writing in instruction register

0241 D282             94              setb  LCD_en         ;Enable H->L

0243 519B             95                      acall delay

0245 C282             96              clr   LCD_en

                      97              

0247 519B             98                      acall delay

0249 75A001           99              mov   LCD_data,#01H  ;Clear LCD

024C C280            100              clr   LCD_rs         ;Selected command register

024E C281            101              clr   LCD_rw         ;We are writing in instruction register

0250 D282            102              setb  LCD_en         ;Enable H->L

0252 519B            103                      acall delay

0254 C282            104              clr   LCD_en

                     105              

0256 519B            106                      acall delay

                     107     

0258 75A006          108              mov   LCD_data,#06H  ;Entry mode, auto increment with no shift

025B C280            109              clr   LCD_rs         ;Selected command register

025D C281            110              clr   LCD_rw         ;We are writing in instruction register

025F D282            111              setb  LCD_en         ;Enable H->L

0261 519B            112                      acall delay

0263 C282            113              clr   LCD_en

                     114     

0265 519B            115                      acall delay

                     116              

0267 22              117              ret                  ;Return from routine

                     118     

                     119     ;-----------------------command sending routine-------------------------------------

0268                 120      lcd_command:

0268 F5A0            121              mov   LCD_data,A     ;Move the command to LCD port

026A C280            122              clr   LCD_rs         ;Selected command register

A51 MACRO ASSEMBLER  JHAAT_LCD                                                            08/21/2017 00:52:06 PAGE     3

026C C281            123              clr   LCD_rw         ;We are writing in instruction register

026E D282            124              setb  LCD_en         ;Enable H->L

0270 519B            125                      acall delay

0272 C282            126              clr   LCD_en

0274 519B            127                      acall delay

                     128         

0276 22              129              ret  

                     130     ;-----------------------data sending routine-------------------------------------          
                                       

0277                 131      lcd_senddata:

0277 F5A0            132              mov   LCD_data,A     ;Move the command to LCD port

0279 D280            133              setb  LCD_rs         ;Selected data register

027B C281            134              clr   LCD_rw         ;We are writing

027D D282            135              setb  LCD_en         ;Enable H->L

027F 519B            136                      acall delay

0281 C282            137              clr   LCD_en

0283 519B            138              acall delay

0285 519B            139                      acall delay

0287 22              140              ret                  ;Return from busy routine

                     141     

                     142     ;-----------------------text strings sending routine-------------------------------------

0288                 143     lcd_sendstring:

0288 E4              144              clr   a                 ;clear Accumulator for any previous data

0289 93              145              movc  a,@a+dptr         ;load the first character in accumulator

028A 6005            146              jz    exit              ;go to exit if zero

028C 5177            147              acall lcd_senddata      ;send first char

028E A3              148              inc   dptr              ;increment data pointer

028F 80F7            149              sjmp  LCD_sendstring    ;jump back to send the next character

0291                 150     exit:

0291 22              151              ret                     ;End of routine

                     152                      

                     153     ;-----------------------text strings sending routine-------------------------------------

0292                 154     lcd_ramaccess:

0292 E7              155              mov   a,@r1             ;load the first character in accumulator

0293 6005            156              jz    quit              ;go to exit if zero

0295 5177            157              acall lcd_senddata      ;send first char

0297 09              158              inc   r1              ;increment data pointer

0298 80F8            159              sjmp  LCD_ramaccess    ;jump back to send the next character

029A                 160     quit:

029A 22              161              ret                     ;End of routine

                     162     

                     163     ;----------------------delay routine-----------------------------------------------------

029B                 164     delay:   

                     165                     using 0

029B C000            166                     push ar0

029D C001            167                     push ar1

029F 7801            168              mov r0,#1

02A1 79FF            169     loop2:   mov r1,#255

02A3 D9FE            170     loop1:   djnz r1, loop1

02A5 D8FA            171                      djnz r0,loop2

02A7 D001            172                      pop ar1

02A9 D000            173                      pop ar0

02AB 22              174                      ret

                     175     

                     176     ;------------- ROM text strings------------------------------------------------------------
                             ---

0300                 177     org 300h

0300                 178     my_string1:

0300 45453333        179              DB   "EE337-LAB2", 00H

0304 372D4C41                
0308 423200                  
                     180     end

                             

A51 MACRO ASSEMBLER  JHAAT_LCD                                                            08/21/2017 00:52:06 PAGE     4

SYMBOL TABLE LISTING
------ ----- -------


N A M E             T Y P E  V A L U E   ATTRIBUTES

AR0. . . . . . . .  D ADDR   0000H   A   
AR1. . . . . . . .  D ADDR   0001H   A   
DELAY. . . . . . .  C ADDR   029BH   A   
EXIT . . . . . . .  C ADDR   0291H   A   
HERE . . . . . . .  C ADDR   0229H   A   
LCD_COMMAND. . . .  C ADDR   0268H   A   
LCD_DATA . . . . .  D ADDR   00A0H   A   
LCD_EN . . . . . .  B ADDR   0080H.2 A   
LCD_INIT . . . . .  C ADDR   022BH   A   
LCD_RAMACCESS. . .  C ADDR   0292H   A   
LCD_RS . . . . . .  B ADDR   0080H.0 A   
LCD_RW . . . . . .  B ADDR   0080H.1 A   
LCD_SENDDATA . . .  C ADDR   0277H   A   
LCD_SENDSTRING . .  C ADDR   0288H   A   
LOOP1. . . . . . .  C ADDR   02A3H   A   
LOOP2. . . . . . .  C ADDR   02A1H   A   
MAIN . . . . . . .  C ADDR   0100H   A   
MY_STRING1 . . . .  C ADDR   0300H   A   
P0 . . . . . . . .  D ADDR   0080H   A   
P1 . . . . . . . .  D ADDR   0090H   A   
P2 . . . . . . . .  D ADDR   00A0H   A   
QUIT . . . . . . .  C ADDR   029AH   A   
START. . . . . . .  C ADDR   0200H   A   


REGISTER BANK(S) USED: 0 


ASSEMBLY COMPLETE.  0 WARNING(S), 0 ERROR(S)
